
> client@0.1.0 build
> next build

Ôû▓ Next.js 16.1.6 (Turbopack)
- Environments: .env.local

  Creating an optimized production build ...
Ô£ô Compiled successfully in 12.9s
  Running TypeScript ...
  Collecting page data using 3 workers ...
  Generating static pages using 3 workers (0/14) ...
  Generating static pages using 3 workers (3/14) 
  Generating static pages using 3 workers (6/14) 
  Generating static pages using 3 workers (10/14) 
Ô£ô Generating static pages using 3 workers (14/14) in 717.6ms
  Finalizing page optimization ...

Route (app)
Ôöî Ôùï /
Ôö£ Ôùï /_not-found
Ôö£ Ôùï /admin
Ôö£ Ôùï /admin/dashboard
Ôö£ Ôùï /admin/events
Ôö£ ãÆ /admin/events/[id]/upload
Ôö£ Ôùï /admin/events/create
Ôö£ ãÆ /admin/events/edit/[id]
Ôö£ Ôùï /admin/login
Ôö£ Ôùï /admin/profile
Ôö£ Ôùï /admin/settings
Ôö£ Ôùï /admin/users
Ôö£ ãÆ /event/[id]
Ôö£ Ôùï /events
Ôö£ ãÆ /events/[id]
Ôöö Ôùï /orders/success


Ôùï  (Static)   prerendered as static content
ãÆ  (Dynamic)  server-rendered on demand

